// Jest Snapshot v1, https://goo.gl/fbAQLP

exports[`Card component renders UI as expected 1`] = `
<div
  className="card"
>
  <h3>
    First Card
  </h3>
  <p>
    lorem ipsum
  </p>
</div>
`;
